// Jest Snapshot v1, https://goo.gl/fbAQLP

exports[`renders homepage unchanged 1`] = `
<main
  className="styles__Main-sc-1idp24i-0 eonfWs"
>
  <div
    className="styles__TitleContainer-sc-16jy8ol-0 epXWgE"
  >
    <h1
      className="styles__H1Element-sc-16jy8ol-1 exeysa"
    >
      Maze Game
    </h1>
  </div>
  <main
    className="styles__MazeWrapper-sc-1w8rlqt-0 cVvARo"
  >
    <div
      className="styles__Moves-sc-1w8rlqt-4 evCIVo"
    >
      <span
        className="styles__MovesCount-sc-1w8rlqt-5 gBCDKc"
      >
        moves: 
        0
      </span>
    </div>
    <section
      className="styles__MazeContainer-sc-1w8rlqt-1 dxngsq"
    >
      <div
        className="styles__AvatarContainer-sc-djljgk-0 fhuxRF"
        x={1}
        y={0}
      >
        <div
          className="styles__AvatarIcon-sc-djljgk-1 lhygVp"
        />
      </div>
      <div
        className="styles__Row-sc-1w8rlqt-2 bcEcFj"
      >
        <div
          className="styles__Cube-sc-1w8rlqt-3 kjSNVW"
        />
        <div
          className="styles__Cube-sc-1w8rlqt-3 eecYHy"
        />
        <div
          className="styles__Cube-sc-1w8rlqt-3 kjSNVW"
        />
        <div
          className="styles__Cube-sc-1w8rlqt-3 kjSNVW"
        />
        <div
          className="styles__Cube-sc-1w8rlqt-3 kjSNVW"
        />
        <div
          className="styles__Cube-sc-1w8rlqt-3 kjSNVW"
        />
        <div
          className="styles__Cube-sc-1w8rlqt-3 kjSNVW"
        />
        <div
          className="styles__Cube-sc-1w8rlqt-3 kjSNVW"
        />
        <div
          className="styles__Cube-sc-1w8rlqt-3 kjSNVW"
        />
        <div
          className="styles__Cube-sc-1w8rlqt-3 kjSNVW"
        />
        <div
          className="styles__Cube-sc-1w8rlqt-3 kjSNVW"
        />
        <div
          className="styles__Cube-sc-1w8rlqt-3 kjSNVW"
        />
      </div>
      <div
        className="styles__Row-sc-1w8rlqt-2 bcEcFj"
      >
        <div
          className="styles__Cube-sc-1w8rlqt-3 kjSNVW"
        />
        <div
          className="styles__Cube-sc-1w8rlqt-3 eecYHy"
        />
        <div
          className="styles__Cube-sc-1w8rlqt-3 kjSNVW"
        />
        <div
          className="styles__Cube-sc-1w8rlqt-3 eecYHy"
        />
        <div
          className="styles__Cube-sc-1w8rlqt-3 eecYHy"
        />
        <div
          className="styles__Cube-sc-1w8rlqt-3 eecYHy"
        />
        <div
          className="styles__Cube-sc-1w8rlqt-3 kjSNVW"
        />
        <div
          className="styles__Cube-sc-1w8rlqt-3 eecYHy"
        />
        <div
          className="styles__Cube-sc-1w8rlqt-3 eecYHy"
        />
        <div
          className="styles__Cube-sc-1w8rlqt-3 eecYHy"
        />
        <div
          className="styles__Cube-sc-1w8rlqt-3 eecYHy"
        />
        <div
          className="styles__Cube-sc-1w8rlqt-3 kjSNVW"
        />
      </div>
      <div
        className="styles__Row-sc-1w8rlqt-2 bcEcFj"
      >
        <div
          className="styles__Cube-sc-1w8rlqt-3 kjSNVW"
        />
        <div
          className="styles__Cube-sc-1w8rlqt-3 eecYHy"
        />
        <div
          className="styles__Cube-sc-1w8rlqt-3 eecYHy"
        />
        <div
          className="styles__Cube-sc-1w8rlqt-3 eecYHy"
        />
        <div
          className="styles__Cube-sc-1w8rlqt-3 kjSNVW"
        />
        <div
          className="styles__Cube-sc-1w8rlqt-3 eecYHy"
        />
        <div
          className="styles__Cube-sc-1w8rlqt-3 kjSNVW"
        />
        <div
          className="styles__Cube-sc-1w8rlqt-3 eecYHy"
        />
        <div
          className="styles__Cube-sc-1w8rlqt-3 kjSNVW"
        />
        <div
          className="styles__Cube-sc-1w8rlqt-3 eecYHy"
        />
        <div
          className="styles__Cube-sc-1w8rlqt-3 kjSNVW"
        />
        <div
          className="styles__Cube-sc-1w8rlqt-3 kjSNVW"
        />
      </div>
      <div
        className="styles__Row-sc-1w8rlqt-2 bcEcFj"
      >
        <div
          className="styles__Cube-sc-1w8rlqt-3 kjSNVW"
        />
        <div
          className="styles__Cube-sc-1w8rlqt-3 kjSNVW"
        />
        <div
          className="styles__Cube-sc-1w8rlqt-3 kjSNVW"
        />
        <div
          className="styles__Cube-sc-1w8rlqt-3 kjSNVW"
        />
        <div
          className="styles__Cube-sc-1w8rlqt-3 kjSNVW"
        />
        <div
          className="styles__Cube-sc-1w8rlqt-3 eecYHy"
        />
        <div
          className="styles__Cube-sc-1w8rlqt-3 eecYHy"
        />
        <div
          className="styles__Cube-sc-1w8rlqt-3 eecYHy"
        />
        <div
          className="styles__Cube-sc-1w8rlqt-3 kjSNVW"
        />
        <div
          className="styles__Cube-sc-1w8rlqt-3 eecYHy"
        />
        <div
          className="styles__Cube-sc-1w8rlqt-3 eecYHy"
        />
        <div
          className="styles__Cube-sc-1w8rlqt-3 kjSNVW"
        />
      </div>
      <div
        className="styles__Row-sc-1w8rlqt-2 bcEcFj"
      >
        <div
          className="styles__Cube-sc-1w8rlqt-3 kjSNVW"
        />
        <div
          className="styles__Cube-sc-1w8rlqt-3 eecYHy"
        />
        <div
          className="styles__Cube-sc-1w8rlqt-3 eecYHy"
        />
        <div
          className="styles__Cube-sc-1w8rlqt-3 eecYHy"
        />
        <div
          className="styles__Cube-sc-1w8rlqt-3 eecYHy"
        />
        <div
          className="styles__Cube-sc-1w8rlqt-3 eecYHy"
        />
        <div
          className="styles__Cube-sc-1w8rlqt-3 kjSNVW"
        />
        <div
          className="styles__Cube-sc-1w8rlqt-3 kjSNVW"
        />
        <div
          className="styles__Cube-sc-1w8rlqt-3 kjSNVW"
        />
        <div
          className="styles__Cube-sc-1w8rlqt-3 kjSNVW"
        />
        <div
          className="styles__Cube-sc-1w8rlqt-3 eecYHy"
        />
        <div
          className="styles__Cube-sc-1w8rlqt-3 kjSNVW"
        />
      </div>
      <div
        className="styles__Row-sc-1w8rlqt-2 bcEcFj"
      >
        <div
          className="styles__Cube-sc-1w8rlqt-3 kjSNVW"
        />
        <div
          className="styles__Cube-sc-1w8rlqt-3 eecYHy"
        />
        <div
          className="styles__Cube-sc-1w8rlqt-3 kjSNVW"
        />
        <div
          className="styles__Cube-sc-1w8rlqt-3 kjSNVW"
        />
        <div
          className="styles__Cube-sc-1w8rlqt-3 kjSNVW"
        />
        <div
          className="styles__Cube-sc-1w8rlqt-3 kjSNVW"
        />
        <div
          className="styles__Cube-sc-1w8rlqt-3 kjSNVW"
        />
        <div
          className="styles__Cube-sc-1w8rlqt-3 eecYHy"
        />
        <div
          className="styles__Cube-sc-1w8rlqt-3 eecYHy"
        />
        <div
          className="styles__Cube-sc-1w8rlqt-3 eecYHy"
        />
        <div
          className="styles__Cube-sc-1w8rlqt-3 eecYHy"
        />
        <div
          className="styles__Cube-sc-1w8rlqt-3 kjSNVW"
        />
      </div>
      <div
        className="styles__Row-sc-1w8rlqt-2 bcEcFj"
      >
        <div
          className="styles__Cube-sc-1w8rlqt-3 kjSNVW"
        />
        <div
          className="styles__Cube-sc-1w8rlqt-3 eecYHy"
        />
        <div
          className="styles__Cube-sc-1w8rlqt-3 eecYHy"
        />
        <div
          className="styles__Cube-sc-1w8rlqt-3 eecYHy"
        />
        <div
          className="styles__Cube-sc-1w8rlqt-3 eecYHy"
        />
        <div
          className="styles__Cube-sc-1w8rlqt-3 eecYHy"
        />
        <div
          className="styles__Cube-sc-1w8rlqt-3 kjSNVW"
        />
        <div
          className="styles__Cube-sc-1w8rlqt-3 eecYHy"
        />
        <div
          className="styles__Cube-sc-1w8rlqt-3 kjSNVW"
        />
        <div
          className="styles__Cube-sc-1w8rlqt-3 kjSNVW"
        />
        <div
          className="styles__Cube-sc-1w8rlqt-3 kjSNVW"
        />
        <div
          className="styles__Cube-sc-1w8rlqt-3 kjSNVW"
        />
      </div>
      <div
        className="styles__Row-sc-1w8rlqt-2 bcEcFj"
      >
        <div
          className="styles__Cube-sc-1w8rlqt-3 kjSNVW"
        />
        <div
          className="styles__Cube-sc-1w8rlqt-3 kjSNVW"
        />
        <div
          className="styles__Cube-sc-1w8rlqt-3 kjSNVW"
        />
        <div
          className="styles__Cube-sc-1w8rlqt-3 eecYHy"
        />
        <div
          className="styles__Cube-sc-1w8rlqt-3 kjSNVW"
        />
        <div
          className="styles__Cube-sc-1w8rlqt-3 eecYHy"
        />
        <div
          className="styles__Cube-sc-1w8rlqt-3 kjSNVW"
        />
        <div
          className="styles__Cube-sc-1w8rlqt-3 eecYHy"
        />
        <div
          className="styles__Cube-sc-1w8rlqt-3 eecYHy"
        />
        <div
          className="styles__Cube-sc-1w8rlqt-3 eecYHy"
        />
        <div
          className="styles__Cube-sc-1w8rlqt-3 eecYHy"
        />
        <div
          className="styles__Cube-sc-1w8rlqt-3 kjSNVW"
        />
      </div>
      <div
        className="styles__Row-sc-1w8rlqt-2 bcEcFj"
      >
        <div
          className="styles__Cube-sc-1w8rlqt-3 kjSNVW"
        />
        <div
          className="styles__Cube-sc-1w8rlqt-3 eecYHy"
        />
        <div
          className="styles__Cube-sc-1w8rlqt-3 eecYHy"
        />
        <div
          className="styles__Cube-sc-1w8rlqt-3 eecYHy"
        />
        <div
          className="styles__Cube-sc-1w8rlqt-3 kjSNVW"
        />
        <div
          className="styles__Cube-sc-1w8rlqt-3 eecYHy"
        />
        <div
          className="styles__Cube-sc-1w8rlqt-3 kjSNVW"
        />
        <div
          className="styles__Cube-sc-1w8rlqt-3 kjSNVW"
        />
        <div
          className="styles__Cube-sc-1w8rlqt-3 kjSNVW"
        />
        <div
          className="styles__Cube-sc-1w8rlqt-3 kjSNVW"
        />
        <div
          className="styles__Cube-sc-1w8rlqt-3 kjSNVW"
        />
        <div
          className="styles__Cube-sc-1w8rlqt-3 kjSNVW"
        />
      </div>
      <div
        className="styles__Row-sc-1w8rlqt-2 bcEcFj"
      >
        <div
          className="styles__Cube-sc-1w8rlqt-3 kjSNVW"
        />
        <div
          className="styles__Cube-sc-1w8rlqt-3 kjSNVW"
        />
        <div
          className="styles__Cube-sc-1w8rlqt-3 eecYHy"
        />
        <div
          className="styles__Cube-sc-1w8rlqt-3 kjSNVW"
        />
        <div
          className="styles__Cube-sc-1w8rlqt-3 kjSNVW"
        />
        <div
          className="styles__Cube-sc-1w8rlqt-3 eecYHy"
        />
        <div
          className="styles__Cube-sc-1w8rlqt-3 kjSNVW"
        />
        <div
          className="styles__Cube-sc-1w8rlqt-3 eecYHy"
        />
        <div
          className="styles__Cube-sc-1w8rlqt-3 eecYHy"
        />
        <div
          className="styles__Cube-sc-1w8rlqt-3 eecYHy"
        />
        <div
          className="styles__Cube-sc-1w8rlqt-3 kjSNVW"
        />
        <div
          className="styles__Cube-sc-1w8rlqt-3 kjSNVW"
        />
      </div>
      <div
        className="styles__Row-sc-1w8rlqt-2 bcEcFj"
      >
        <div
          className="styles__Cube-sc-1w8rlqt-3 kjSNVW"
        />
        <div
          className="styles__Cube-sc-1w8rlqt-3 eecYHy"
        />
        <div
          className="styles__Cube-sc-1w8rlqt-3 eecYHy"
        />
        <div
          className="styles__Cube-sc-1w8rlqt-3 eecYHy"
        />
        <div
          className="styles__Cube-sc-1w8rlqt-3 kjSNVW"
        />
        <div
          className="styles__Cube-sc-1w8rlqt-3 eecYHy"
        />
        <div
          className="styles__Cube-sc-1w8rlqt-3 eecYHy"
        />
        <div
          className="styles__Cube-sc-1w8rlqt-3 eecYHy"
        />
        <div
          className="styles__Cube-sc-1w8rlqt-3 kjSNVW"
        />
        <div
          className="styles__Cube-sc-1w8rlqt-3 eecYHy"
        />
        <div
          className="styles__Cube-sc-1w8rlqt-3 eecYHy"
        />
        <div
          className="styles__Cube-sc-1w8rlqt-3 eecYHy"
        />
      </div>
      <div
        className="styles__Row-sc-1w8rlqt-2 bcEcFj"
      >
        <div
          className="styles__Cube-sc-1w8rlqt-3 kjSNVW"
        />
        <div
          className="styles__Cube-sc-1w8rlqt-3 kjSNVW"
        />
        <div
          className="styles__Cube-sc-1w8rlqt-3 kjSNVW"
        />
        <div
          className="styles__Cube-sc-1w8rlqt-3 kjSNVW"
        />
        <div
          className="styles__Cube-sc-1w8rlqt-3 kjSNVW"
        />
        <div
          className="styles__Cube-sc-1w8rlqt-3 kjSNVW"
        />
        <div
          className="styles__Cube-sc-1w8rlqt-3 kjSNVW"
        />
        <div
          className="styles__Cube-sc-1w8rlqt-3 kjSNVW"
        />
        <div
          className="styles__Cube-sc-1w8rlqt-3 kjSNVW"
        />
        <div
          className="styles__Cube-sc-1w8rlqt-3 kjSNVW"
        />
        <div
          className="styles__Cube-sc-1w8rlqt-3 kjSNVW"
        />
        <div
          className="styles__Cube-sc-1w8rlqt-3 kjSNVW"
        />
      </div>
    </section>
  </main>
</main>
`;
