// Jest Snapshot v1, https://goo.gl/fbAQLP

exports[`renders homepage unchanged 1`] = `
<main
  className="styles__Main-sc-1idp24i-0 eonfWs"
>
  <div
    className="styles__TitleContainer-sc-16jy8ol-0 jVFQos"
  >
    <h1
      className="styles__H1Element-sc-16jy8ol-1 exeysa"
    >
      Maze Game
    </h1>
  </div>
  <section
    className="styles__MazeContainer-sc-1w8rlqt-0 jwpBe"
    id="maze-container"
  >
    <div
      className="styles__AvatarContainer-sc-djljgk-0 cNDNbf"
      x={1}
      y={0}
    >
      <div
        className="styles__AvatarIcon-sc-djljgk-1 jJTRkd"
      />
    </div>
    <div
      className="styles__Tile-sc-1w8rlqt-1 cjzEVC"
    >
      <div
        className="styles__Cube-sc-1w8rlqt-2 gVXluV"
      />
      <div
        className="styles__Cube-sc-1w8rlqt-2 eiahNt"
      />
      <div
        className="styles__Cube-sc-1w8rlqt-2 gVXluV"
      />
      <div
        className="styles__Cube-sc-1w8rlqt-2 gVXluV"
      />
      <div
        className="styles__Cube-sc-1w8rlqt-2 gVXluV"
      />
      <div
        className="styles__Cube-sc-1w8rlqt-2 gVXluV"
      />
      <div
        className="styles__Cube-sc-1w8rlqt-2 gVXluV"
      />
      <div
        className="styles__Cube-sc-1w8rlqt-2 gVXluV"
      />
      <div
        className="styles__Cube-sc-1w8rlqt-2 gVXluV"
      />
      <div
        className="styles__Cube-sc-1w8rlqt-2 gVXluV"
      />
      <div
        className="styles__Cube-sc-1w8rlqt-2 gVXluV"
      />
      <div
        className="styles__Cube-sc-1w8rlqt-2 gVXluV"
      />
    </div>
    <div
      className="styles__Tile-sc-1w8rlqt-1 cjzEVC"
    >
      <div
        className="styles__Cube-sc-1w8rlqt-2 gVXluV"
      />
      <div
        className="styles__Cube-sc-1w8rlqt-2 eiahNt"
      />
      <div
        className="styles__Cube-sc-1w8rlqt-2 gVXluV"
      />
      <div
        className="styles__Cube-sc-1w8rlqt-2 eiahNt"
      />
      <div
        className="styles__Cube-sc-1w8rlqt-2 eiahNt"
      />
      <div
        className="styles__Cube-sc-1w8rlqt-2 eiahNt"
      />
      <div
        className="styles__Cube-sc-1w8rlqt-2 gVXluV"
      />
      <div
        className="styles__Cube-sc-1w8rlqt-2 eiahNt"
      />
      <div
        className="styles__Cube-sc-1w8rlqt-2 eiahNt"
      />
      <div
        className="styles__Cube-sc-1w8rlqt-2 eiahNt"
      />
      <div
        className="styles__Cube-sc-1w8rlqt-2 eiahNt"
      />
      <div
        className="styles__Cube-sc-1w8rlqt-2 gVXluV"
      />
    </div>
    <div
      className="styles__Tile-sc-1w8rlqt-1 cjzEVC"
    >
      <div
        className="styles__Cube-sc-1w8rlqt-2 gVXluV"
      />
      <div
        className="styles__Cube-sc-1w8rlqt-2 eiahNt"
      />
      <div
        className="styles__Cube-sc-1w8rlqt-2 eiahNt"
      />
      <div
        className="styles__Cube-sc-1w8rlqt-2 eiahNt"
      />
      <div
        className="styles__Cube-sc-1w8rlqt-2 gVXluV"
      />
      <div
        className="styles__Cube-sc-1w8rlqt-2 eiahNt"
      />
      <div
        className="styles__Cube-sc-1w8rlqt-2 gVXluV"
      />
      <div
        className="styles__Cube-sc-1w8rlqt-2 eiahNt"
      />
      <div
        className="styles__Cube-sc-1w8rlqt-2 gVXluV"
      />
      <div
        className="styles__Cube-sc-1w8rlqt-2 eiahNt"
      />
      <div
        className="styles__Cube-sc-1w8rlqt-2 gVXluV"
      />
      <div
        className="styles__Cube-sc-1w8rlqt-2 gVXluV"
      />
    </div>
    <div
      className="styles__Tile-sc-1w8rlqt-1 cjzEVC"
    >
      <div
        className="styles__Cube-sc-1w8rlqt-2 gVXluV"
      />
      <div
        className="styles__Cube-sc-1w8rlqt-2 gVXluV"
      />
      <div
        className="styles__Cube-sc-1w8rlqt-2 gVXluV"
      />
      <div
        className="styles__Cube-sc-1w8rlqt-2 gVXluV"
      />
      <div
        className="styles__Cube-sc-1w8rlqt-2 gVXluV"
      />
      <div
        className="styles__Cube-sc-1w8rlqt-2 eiahNt"
      />
      <div
        className="styles__Cube-sc-1w8rlqt-2 eiahNt"
      />
      <div
        className="styles__Cube-sc-1w8rlqt-2 eiahNt"
      />
      <div
        className="styles__Cube-sc-1w8rlqt-2 gVXluV"
      />
      <div
        className="styles__Cube-sc-1w8rlqt-2 eiahNt"
      />
      <div
        className="styles__Cube-sc-1w8rlqt-2 eiahNt"
      />
      <div
        className="styles__Cube-sc-1w8rlqt-2 gVXluV"
      />
    </div>
    <div
      className="styles__Tile-sc-1w8rlqt-1 cjzEVC"
    >
      <div
        className="styles__Cube-sc-1w8rlqt-2 gVXluV"
      />
      <div
        className="styles__Cube-sc-1w8rlqt-2 eiahNt"
      />
      <div
        className="styles__Cube-sc-1w8rlqt-2 eiahNt"
      />
      <div
        className="styles__Cube-sc-1w8rlqt-2 eiahNt"
      />
      <div
        className="styles__Cube-sc-1w8rlqt-2 eiahNt"
      />
      <div
        className="styles__Cube-sc-1w8rlqt-2 eiahNt"
      />
      <div
        className="styles__Cube-sc-1w8rlqt-2 gVXluV"
      />
      <div
        className="styles__Cube-sc-1w8rlqt-2 gVXluV"
      />
      <div
        className="styles__Cube-sc-1w8rlqt-2 gVXluV"
      />
      <div
        className="styles__Cube-sc-1w8rlqt-2 gVXluV"
      />
      <div
        className="styles__Cube-sc-1w8rlqt-2 eiahNt"
      />
      <div
        className="styles__Cube-sc-1w8rlqt-2 gVXluV"
      />
    </div>
    <div
      className="styles__Tile-sc-1w8rlqt-1 cjzEVC"
    >
      <div
        className="styles__Cube-sc-1w8rlqt-2 gVXluV"
      />
      <div
        className="styles__Cube-sc-1w8rlqt-2 eiahNt"
      />
      <div
        className="styles__Cube-sc-1w8rlqt-2 gVXluV"
      />
      <div
        className="styles__Cube-sc-1w8rlqt-2 gVXluV"
      />
      <div
        className="styles__Cube-sc-1w8rlqt-2 gVXluV"
      />
      <div
        className="styles__Cube-sc-1w8rlqt-2 gVXluV"
      />
      <div
        className="styles__Cube-sc-1w8rlqt-2 gVXluV"
      />
      <div
        className="styles__Cube-sc-1w8rlqt-2 eiahNt"
      />
      <div
        className="styles__Cube-sc-1w8rlqt-2 eiahNt"
      />
      <div
        className="styles__Cube-sc-1w8rlqt-2 eiahNt"
      />
      <div
        className="styles__Cube-sc-1w8rlqt-2 eiahNt"
      />
      <div
        className="styles__Cube-sc-1w8rlqt-2 gVXluV"
      />
    </div>
    <div
      className="styles__Tile-sc-1w8rlqt-1 cjzEVC"
    >
      <div
        className="styles__Cube-sc-1w8rlqt-2 gVXluV"
      />
      <div
        className="styles__Cube-sc-1w8rlqt-2 eiahNt"
      />
      <div
        className="styles__Cube-sc-1w8rlqt-2 eiahNt"
      />
      <div
        className="styles__Cube-sc-1w8rlqt-2 eiahNt"
      />
      <div
        className="styles__Cube-sc-1w8rlqt-2 eiahNt"
      />
      <div
        className="styles__Cube-sc-1w8rlqt-2 eiahNt"
      />
      <div
        className="styles__Cube-sc-1w8rlqt-2 gVXluV"
      />
      <div
        className="styles__Cube-sc-1w8rlqt-2 eiahNt"
      />
      <div
        className="styles__Cube-sc-1w8rlqt-2 gVXluV"
      />
      <div
        className="styles__Cube-sc-1w8rlqt-2 gVXluV"
      />
      <div
        className="styles__Cube-sc-1w8rlqt-2 gVXluV"
      />
      <div
        className="styles__Cube-sc-1w8rlqt-2 gVXluV"
      />
    </div>
    <div
      className="styles__Tile-sc-1w8rlqt-1 cjzEVC"
    >
      <div
        className="styles__Cube-sc-1w8rlqt-2 gVXluV"
      />
      <div
        className="styles__Cube-sc-1w8rlqt-2 gVXluV"
      />
      <div
        className="styles__Cube-sc-1w8rlqt-2 gVXluV"
      />
      <div
        className="styles__Cube-sc-1w8rlqt-2 eiahNt"
      />
      <div
        className="styles__Cube-sc-1w8rlqt-2 gVXluV"
      />
      <div
        className="styles__Cube-sc-1w8rlqt-2 eiahNt"
      />
      <div
        className="styles__Cube-sc-1w8rlqt-2 gVXluV"
      />
      <div
        className="styles__Cube-sc-1w8rlqt-2 eiahNt"
      />
      <div
        className="styles__Cube-sc-1w8rlqt-2 eiahNt"
      />
      <div
        className="styles__Cube-sc-1w8rlqt-2 eiahNt"
      />
      <div
        className="styles__Cube-sc-1w8rlqt-2 eiahNt"
      />
      <div
        className="styles__Cube-sc-1w8rlqt-2 gVXluV"
      />
    </div>
    <div
      className="styles__Tile-sc-1w8rlqt-1 cjzEVC"
    >
      <div
        className="styles__Cube-sc-1w8rlqt-2 gVXluV"
      />
      <div
        className="styles__Cube-sc-1w8rlqt-2 eiahNt"
      />
      <div
        className="styles__Cube-sc-1w8rlqt-2 eiahNt"
      />
      <div
        className="styles__Cube-sc-1w8rlqt-2 eiahNt"
      />
      <div
        className="styles__Cube-sc-1w8rlqt-2 gVXluV"
      />
      <div
        className="styles__Cube-sc-1w8rlqt-2 eiahNt"
      />
      <div
        className="styles__Cube-sc-1w8rlqt-2 gVXluV"
      />
      <div
        className="styles__Cube-sc-1w8rlqt-2 gVXluV"
      />
      <div
        className="styles__Cube-sc-1w8rlqt-2 gVXluV"
      />
      <div
        className="styles__Cube-sc-1w8rlqt-2 gVXluV"
      />
      <div
        className="styles__Cube-sc-1w8rlqt-2 gVXluV"
      />
      <div
        className="styles__Cube-sc-1w8rlqt-2 gVXluV"
      />
    </div>
    <div
      className="styles__Tile-sc-1w8rlqt-1 cjzEVC"
    >
      <div
        className="styles__Cube-sc-1w8rlqt-2 gVXluV"
      />
      <div
        className="styles__Cube-sc-1w8rlqt-2 gVXluV"
      />
      <div
        className="styles__Cube-sc-1w8rlqt-2 eiahNt"
      />
      <div
        className="styles__Cube-sc-1w8rlqt-2 gVXluV"
      />
      <div
        className="styles__Cube-sc-1w8rlqt-2 gVXluV"
      />
      <div
        className="styles__Cube-sc-1w8rlqt-2 eiahNt"
      />
      <div
        className="styles__Cube-sc-1w8rlqt-2 gVXluV"
      />
      <div
        className="styles__Cube-sc-1w8rlqt-2 eiahNt"
      />
      <div
        className="styles__Cube-sc-1w8rlqt-2 eiahNt"
      />
      <div
        className="styles__Cube-sc-1w8rlqt-2 eiahNt"
      />
      <div
        className="styles__Cube-sc-1w8rlqt-2 gVXluV"
      />
      <div
        className="styles__Cube-sc-1w8rlqt-2 gVXluV"
      />
    </div>
    <div
      className="styles__Tile-sc-1w8rlqt-1 cjzEVC"
    >
      <div
        className="styles__Cube-sc-1w8rlqt-2 gVXluV"
      />
      <div
        className="styles__Cube-sc-1w8rlqt-2 eiahNt"
      />
      <div
        className="styles__Cube-sc-1w8rlqt-2 eiahNt"
      />
      <div
        className="styles__Cube-sc-1w8rlqt-2 eiahNt"
      />
      <div
        className="styles__Cube-sc-1w8rlqt-2 gVXluV"
      />
      <div
        className="styles__Cube-sc-1w8rlqt-2 eiahNt"
      />
      <div
        className="styles__Cube-sc-1w8rlqt-2 eiahNt"
      />
      <div
        className="styles__Cube-sc-1w8rlqt-2 eiahNt"
      />
      <div
        className="styles__Cube-sc-1w8rlqt-2 gVXluV"
      />
      <div
        className="styles__Cube-sc-1w8rlqt-2 eiahNt"
      />
      <div
        className="styles__Cube-sc-1w8rlqt-2 eiahNt"
      />
      <div
        className="styles__Cube-sc-1w8rlqt-2 eiahNt"
      />
    </div>
    <div
      className="styles__Tile-sc-1w8rlqt-1 cjzEVC"
    >
      <div
        className="styles__Cube-sc-1w8rlqt-2 gVXluV"
      />
      <div
        className="styles__Cube-sc-1w8rlqt-2 gVXluV"
      />
      <div
        className="styles__Cube-sc-1w8rlqt-2 gVXluV"
      />
      <div
        className="styles__Cube-sc-1w8rlqt-2 gVXluV"
      />
      <div
        className="styles__Cube-sc-1w8rlqt-2 gVXluV"
      />
      <div
        className="styles__Cube-sc-1w8rlqt-2 gVXluV"
      />
      <div
        className="styles__Cube-sc-1w8rlqt-2 gVXluV"
      />
      <div
        className="styles__Cube-sc-1w8rlqt-2 gVXluV"
      />
      <div
        className="styles__Cube-sc-1w8rlqt-2 gVXluV"
      />
      <div
        className="styles__Cube-sc-1w8rlqt-2 gVXluV"
      />
      <div
        className="styles__Cube-sc-1w8rlqt-2 gVXluV"
      />
      <div
        className="styles__Cube-sc-1w8rlqt-2 gVXluV"
      />
    </div>
  </section>
</main>
`;
